-2855
4791
9915
-3825
2636
2842
-2936
-1568
12804
4285
2081
-559
1740
-713
3356
-1137
13064
432
-3697
-4372
1861
-303
4853
1308
9031
9907
-2291
-2876
-840
-5031
-1863
-2963
-909
4178
-1746
6450
-656
-2975
2309
1106
6021
-2425
5485
12174
-656
-2514
1857
-1618
11440
3490
5969
-2166
-914
741
-2240
-3945
1178
7836
-983
-1296
-2939
612
-724
7709
-1062
2500
1634
773
-3233
-2547
2748
737
-201
4333
-11
-1867
2489
3390
5338
-379
-3344
-1263
-422
-2185
-3187
4929
3508
-1921
-3739
-1356
-3241
6378
-1966
3745
-35
-3773
-1148
-2902
1485
12206
