5334
5307
7368
-2931
-813
-3964
-3955
1027
6813
-1591
-3425
997
-3922
-390
-964
-2643
10466
4140
-3201
-4451
3740
-557
1748
469
943
13286
1718
-62
3662
284
-2579
3908
5760
-3527
-1956
299
-175
-244
-3370
-734
-3890
2721
-2134
3951
-2476
33
5316
-4123
-2304
-2841
-4663
372
3523
466
2948
-3844
-3439
4513
-3015
-1970
-2511
-3679
1633
-1861
181
-1980
-2258
11867
2499
-616
5302
870
1436
1331
5775
829
-1028
-2945
-1442
5946
-52
-3354
-418
-2540
-4368
-1841
920
10951
2077
2066
1775
-2986
1785
344
5896
-2121
7658
-4993
-591
5565
