-26256
5109
-19340
-24906
-18694
-25813
-31390
14838
-37792
9859
-20858
-32341
-36041
-10623
-30574
-25424
-8630
-2027
17699
-34787
-24395
12186
18653
-25208
-17653
36493
-34056
-39796
-19366
-17950
-12739
-35781
-26571
-24723
-33530
-37797
-28073
-35715
2288
-19566
-34251
-24271
-23699
-8096
-23591
-35038
-11032
-16503
-20553
-11096
6518
-30732
-39253
-25459
-33755
-8367
18018
-29243
-9902
-23870
-19844
-34939
-17286
-27750
-30378
-9733
-6006
-32384
-35945
-26172
-7473
10243
-35814
-15264
-8550
-21383
-13668
-32908
-31321
24508
-23680
-28719
-15011
-30646
-36445
-28036
-18521
-8708
-33479
-7707
-29553
24172
-37183
-25561
18346
-6018
-38842
-4128
-32907
-28506
